// Jest Snapshot v1, https://goo.gl/fbAQLP

exports[`Testing al cliente Es Jhon Sandoval 1`] = `
{
  "balance": 500,
  "nombre": "Jeremy Sandoval",
  "tipo": "Premium",
}
`;
